../Core/Src/INA219.c:6:10:INA219Read	40	static
../Core/Src/INA219.c:17:6:INA219Write	40	static
../Core/Src/INA219.c:26:10:INA219_ReadBusVoltage	16	static
../Core/Src/INA219.c:33:9:INA219_ReadCurrent_raw	16	static
../Core/Src/INA219.c:40:9:INA219_ReadCurrent	24	static
../Core/Src/INA219.c:47:10:INA219_ReadShuntVolage	16	static
../Core/Src/INA219.c:54:6:INA219SoftwareReset	8	static
../Core/Src/INA219.c:60:6:INA219_setCalibration	16	static
../Core/Src/INA219.c:65:10:INA219_getConfig	16	static
../Core/Src/INA219.c:71:6:INA219_setConfig	16	static
../Core/Src/INA219.c:148:9:INA219Init	24	static
